// Jest Snapshot v1, https://goo.gl/fbAQLP

exports[`Utils writes data, 0: write file, 0 1`] = `"/usr/dir/test.json"`;

exports[`Utils writes data, 1: write file, 1 1`] = `"/usr/dir/tmp/test.json"`;

exports[`Utils writes data, 2: write file, 2 1`] = `"/usr/dir/tmp/dir/test.json"`;

exports[`Utils writes data, 3: write file, 3 1`] = `"/usr/dir/tmp/dir/test.json"`;

exports[`Utils writes data, 4: write file, 4 1`] = `"/usr/dir/test.json"`;
